// Jest Snapshot v1, https://goo.gl/fbAQLP

exports[`<Banner /> ok with renderer 1`] = `
.c0 {
  background-color: red;
  height: 200px;
  width: 200px;
}

.c1 {
  font-size: 16px;
}

<div
  className="c0"
>
  <p
    className="c1"
  >
    This is a paragraph
  </p>
  <p
    className="c1"
  >
    This is another paragraph
  </p>
</div>
`;
